__seal0 = sys_seal_enter();
printf("%ld\n", (long)(1));
printf("%ld\n", (long)(2));
printf("%ld\n", (long)(3));
printf("%ld\n", (long)(4));
__seal1 = sys_seal_enter();
printf("%ld\n", (long)(5));
sys_seal_exit(__seal1);
printf("%ld\n", (long)(6));
sys_seal_exit(__seal0);
printf("%ld\n", (long)(7));
