;; exile-ast-dump v1 examples/selfhost/fixture.exl
(struct Point (fields (field x (int i32)) (field y (int i32))))
(enum Shape (variants (variant Circle (int i32)) (variant Rect (field w (int i32)) (field h (int i32)))))
(fn area (params (param s (const-ptr (struct Shape)))) (int i32) (body (tail (match (deref (var s)) (arm (pat-variant Shape::Circle (pat-var r)) (binop * (var r) (var r))) (arm (pat-variant Shape::Rect (field w (pat-var w)) (field h (pat-var h))) (binop * (var w) (var h)))))))
(fn main (params ) void (body (expr-stmt (call println (string "Hello, World!")))))
;; exile-typed-ir-dump v1 examples/selfhost/ir_fixture.exl
(tfn ex_add (params (param a (int i32)) (param b (int i32))) (int i32) (body (return (binop + (var a) :ty (int i32) (var b) :ty (int i32)) :ty (int i32))))
(tfn main (params ) void (body (expr-stmt (builtin-call println (call ex_add (int 40) :ty (int i32) (int 2) :ty (int i32)) :ty (int i32)) :ty (int i32))))
(mono-instances
  (struct Enumerate)
  (struct Filter)
  (struct HashMap)
  (struct HashMapIter)
  (struct Map)
  (struct Range)
  (struct RangeInclusive)
  (struct Slice)
  (struct Slot)
  (struct Take)
  (struct Vec)
  (struct VecIter)
  (enum Option)
  (enum Result)
)
;; exile-tokens-dump v1 examples/selfhost/token_fixture.exl
Fn @examples/selfhost/token_fixture.exl:1:1
(Ident add) @examples/selfhost/token_fixture.exl:1:4
LParen @examples/selfhost/token_fixture.exl:1:7
(Ident a) @examples/selfhost/token_fixture.exl:1:8
Colon @examples/selfhost/token_fixture.exl:1:9
(Ident int) @examples/selfhost/token_fixture.exl:1:11
RParen @examples/selfhost/token_fixture.exl:1:14
Arrow @examples/selfhost/token_fixture.exl:1:16
(Ident int) @examples/selfhost/token_fixture.exl:1:19
LBrace @examples/selfhost/token_fixture.exl:1:23
Return @examples/selfhost/token_fixture.exl:1:25
(Ident a) @examples/selfhost/token_fixture.exl:1:32
Plus @examples/selfhost/token_fixture.exl:1:34
(Int 1) @examples/selfhost/token_fixture.exl:1:36
Semicolon @examples/selfhost/token_fixture.exl:1:37
RBrace @examples/selfhost/token_fixture.exl:1:39
Eof @examples/selfhost/token_fixture.exl:2:1
